[
  {
    "text": "The Zettelkasten Method is a personal knowledge management system developed by German sociologist Niklas Luhmann.",
    "confidence": 0.95,
    "source": "extraction",
    "temporal_info": "",
    "entities": ["Zettelkasten Method", "Niklas Luhmann", "German sociologist"]
  },
  {
    "text": "Niklas Luhmann published more than 70 books and nearly 400 scholarly articles on various subjects.",
    "confidence": 0.92,
    "source": "extraction",
    "temporal_info": "",
    "entities": ["Niklas Luhmann", "70 books", "400 scholarly articles"]
  },
  {
    "text": "Luhmann credited his productivity to his 'slip-box' or Zettelkasten system.",
    "confidence": 0.9,
    "source": "extraction",
    "temporal_info": "",
    "entities": ["Luhmann", "slip-box", "Zettelkasten system"]
  }
]