[
  {
    "window_text": "The Zettelkasten Method is a personal knowledge management system developed by German sociologist Niklas Luhmann. Luhmann was incredibly prolific, publishing more than 70 books and nearly 400 scholarly articles on a variety of subjects. He credited his productivity to his \"slip-box\" or Zettelkasten system.",
    "start_token": 0,
    "end_token": 55
  }
]